[INFO] Scanning for projects...
[INFO] 
[INFO] -----------------< com.powercity:power-city-platform >------------------
[INFO] Building power-city-platform 1.0.0
[INFO]   from pom.xml
[INFO] --------------------------------[ jar ]---------------------------------
[INFO] 
[INFO] >>> spring-boot:3.2.5:run (default-cli) > test-compile @ power-city-platform >>>
[INFO] 
[INFO] --- resources:3.3.1:resources (default-resources) @ power-city-platform ---
[INFO] Copying 1 resource from src\main\resources to target\classes
[INFO] Copying 45 resources from src\main\resources to target\classes
[INFO] 
[INFO] --- compiler:3.11.0:compile (default-compile) @ power-city-platform ---
[INFO] Nothing to compile - all classes are up to date
[INFO] 
[INFO] --- resources:3.3.1:testResources (default-testResources) @ power-city-platform ---
[INFO] skip non existing resourceDirectory C:\Users\HP\Documents\Zahab Projects\admi-1\admi-service-main\src\test\resources
[INFO] 
[INFO] --- compiler:3.11.0:testCompile (default-testCompile) @ power-city-platform ---
[INFO] Nothing to compile - all classes are up to date
[INFO] 
[INFO] <<< spring-boot:3.2.5:run (default-cli) < test-compile @ power-city-platform <<<
[INFO] 
[INFO] 
[INFO] --- spring-boot:3.2.5:run (default-cli) @ power-city-platform ---
[INFO] Attaching agents: []
Standard Commons Logging discovery in action with spring-jcl: please remove commons-logging.jar from classpath in order to avoid potential conflicts
Standard Commons Logging discovery in action with spring-jcl: please remove commons-logging.jar from classpath in order to avoid potential conflicts

  .   ____          _            __ _ _
 /\\ / ___'_ __ _ _(_)_ __  __ _ \ \ \ \
( ( )\___ | '_ | '_| | '_ \/ _` | \ \ \ \
 \\/  ___)| |_)| | | | | || (_| |  ) ) ) )
  '  |____| .__|_| |_|_| |_\__, | / / / /
 =========|_|==============|___/=/_/_/_/
 :: Spring Boot ::                (v3.2.5)

2026-09-03T00:04:08.202+05:00  INFO 9968 --- [power-city-platform] [  restartedMain] c.p.p.PowerCityPlatformApplication       : Starting PowerCityPlatformApplication using Java 21.0.6 with PID 9968 (C:\Users\HP\Documents\Zahab Projects\admi-1\admi-service-main\target\classes started by HP in C:\Users\HP\Documents\Zahab Projects\admi-1\admi-service-main)
2026-09-03T00:04:08.211+05:00  INFO 9968 --- [power-city-platform] [  restartedMain] c.p.p.PowerCityPlatformApplication       : The following 1 profile is active: "local"
2026-09-03T00:04:08.330+05:00  INFO 9968 --- [power-city-platform] [  restartedMain] .e.DevToolsPropertyDefaultsPostProcessor : Devtools property defaults active! Set 'spring.devtools.add-properties' to 'false' to disable
2026-09-03T00:04:08.330+05:00  INFO 9968 --- [power-city-platform] [  restartedMain] .e.DevToolsPropertyDefaultsPostProcessor : For additional web related logging consider setting the 'logging.level.web' property to 'DEBUG'
2026-09-03T00:04:11.314+05:00  INFO 9968 --- [power-city-platform] [  restartedMain] .s.d.r.c.RepositoryConfigurationDelegate : Multiple Spring Data modules found, entering strict repository configuration mode
2026-09-03T00:04:11.314+05:00  INFO 9968 --- [power-city-platform] [  restartedMain] .s.d.r.c.RepositoryConfigurationDelegate : Bootstrapping Spring Data JPA repositories in DEFAULT mode.
2026-09-03T00:04:11.879+05:00  INFO 9968 --- [power-city-platform] [  restartedMain] .s.d.r.c.RepositoryConfigurationDelegate : Finished Spring Data repository scanning in 543 ms. Found 26 JPA repository interfaces.
2026-09-03T00:04:13.297+05:00  INFO 9968 --- [power-city-platform] [  restartedMain] .s.d.r.c.RepositoryConfigurationDelegate : Multiple Spring Data modules found, entering strict repository configuration mode
2026-09-03T00:04:13.299+05:00  INFO 9968 --- [power-city-platform] [  restartedMain] .s.d.r.c.RepositoryConfigurationDelegate : Bootstrapping Spring Data Redis repositories in DEFAULT mode.
2026-09-03T00:04:13.383+05:00  INFO 9968 --- [power-city-platform] [  restartedMain] .RepositoryConfigurationExtensionSupport : Spring Data Redis - Could not safely identify store assignment for repository candidate interface com.powercity.power_city_platform.repository.BookRepository; If you want this repository to be a Redis repository, consider annotating your entities with one of these annotations: org.springframework.data.redis.core.RedisHash (preferred), or consider extending one of the following types with your repository: org.springframework.data.keyvalue.repository.KeyValueRepository
2026-09-03T00:04:13.384+05:00  INFO 9968 --- [power-city-platform] [  restartedMain] .RepositoryConfigurationExtensionSupport : Spring Data Redis - Could not safely identify store assignment for repository candidate interface com.powercity.power_city_platform.repository.CampusRepository; If you want this repository to be a Redis repository, consider annotating your entities with one of these annotations: org.springframework.data.redis.core.RedisHash (preferred), or consider extending one of the following types with your repository: org.springframework.data.keyvalue.repository.KeyValueRepository
2026-09-03T00:04:13.384+05:00  INFO 9968 --- [power-city-platform] [  restartedMain] .RepositoryConfigurationExtensionSupport : Spring Data Redis - Could not safely identify store assignment for repository candidate interface com.powercity.power_city_platform.repository.CartItemRepository; If you want this repository to be a Redis repository, consider annotating your entities with one of these annotations: org.springframework.data.redis.core.RedisHash (preferred), or consider extending one of the following types with your repository: org.springframework.data.keyvalue.repository.KeyValueRepository
2026-09-03T00:04:13.385+05:00  INFO 9968 --- [power-city-platform] [  restartedMain] .RepositoryConfigurationExtensionSupport : Spring Data Redis - Could not safely identify store assignment for repository candidate interface com.powercity.power_city_platform.repository.CartRepository; If you want this repository to be a Redis repository, consider annotating your entities with one of these annotations: org.springframework.data.redis.core.RedisHash (preferred), or consider extending one of the following types with your repository: org.springframework.data.keyvalue.repository.KeyValueRepository
2026-09-03T00:04:13.387+05:00  INFO 9968 --- [power-city-platform] [  restartedMain] .RepositoryConfigurationExtensionSupport : Spring Data Redis - Could not safely identify store assignment for repository candidate interface com.powercity.power_city_platform.repository.ChatCallRepository; If you want this repository to be a Redis repository, consider annotating your entities with one of these annotations: org.springframework.data.redis.core.RedisHash (preferred), or consider extending one of the following types with your repository: org.springframework.data.keyvalue.repository.KeyValueRepository
2026-09-03T00:04:13.388+05:00  INFO 9968 --- [power-city-platform] [  restartedMain] .RepositoryConfigurationExtensionSupport : Spring Data Redis - Could not safely identify store assignment for repository candidate interface com.powercity.power_city_platform.repository.ChatConversationRepository; If you want this repository to be a Redis repository, consider annotating your entities with one of these annotations: org.springframework.data.redis.core.RedisHash (preferred), or consider extending one of the following types with your repository: org.springframework.data.keyvalue.repository.KeyValueRepository
2026-09-03T00:04:13.390+05:00  INFO 9968 --- [power-city-platform] [  restartedMain] .RepositoryConfigurationExtensionSupport : Spring Data Redis - Could not safely identify store assignment for repository candidate interface com.powercity.power_city_platform.repository.ChatMessageRepository; If you want this repository to be a Redis repository, consider annotating your entities with one of these annotations: org.springframework.data.redis.core.RedisHash (preferred), or consider extending one of the following types with your repository: org.springframework.data.keyvalue.repository.KeyValueRepository
2026-09-03T00:04:13.391+05:00  INFO 9968 --- [power-city-platform] [  restartedMain] .RepositoryConfigurationExtensionSupport : Spring Data Redis - Could not safely identify store assignment for repository candidate interface com.powercity.power_city_platform.repository.ChildDedicationRepository; If you want this repository to be a Redis repository, consider annotating your entities with one of these annotations: org.springframework.data.redis.core.RedisHash (preferred), or consider extending one of the following types with your repository: org.springframework.data.keyvalue.repository.KeyValueRepository
2026-09-03T00:04:13.393+05:00  INFO 9968 --- [power-city-platform] [  restartedMain] .RepositoryConfigurationExtensionSupport : Spring Data Redis - Could not safely identify store assignment for repository candidate interface com.powercity.power_city_platform.repository.CourseProgressRepository; If you want this repository to be a Redis repository, consider annotating your entities with one of these annotations: org.springframework.data.redis.core.RedisHash (preferred), or consider extending one of the following types with your repository: org.springframework.data.keyvalue.repository.KeyValueRepository
2026-09-03T00:04:13.393+05:00  INFO 9968 --- [power-city-platform] [  restartedMain] .RepositoryConfigurationExtensionSupport : Spring Data Redis - Could not safely identify store assignment for repository candidate interface com.powercity.power_city_platform.repository.CourseRepository; If you want this repository to be a Redis repository, consider annotating your entities with one of these annotations: org.springframework.data.redis.core.RedisHash (preferred), or consider extending one of the following types with your repository: org.springframework.data.keyvalue.repository.KeyValueRepository
2026-09-03T00:04:13.394+05:00  INFO 9968 --- [power-city-platform] [  restartedMain] .RepositoryConfigurationExtensionSupport : Spring Data Redis - Could not safely identify store assignment for repository candidate interface com.powercity.power_city_platform.repository.DonationRepository; If you want this repository to be a Redis repository, consider annotating your entities with one of these annotations: org.springframework.data.redis.core.RedisHash (preferred), or consider extending one of the following types with your repository: org.springframework.data.keyvalue.repository.KeyValueRepository
2026-09-03T00:04:13.394+05:00  INFO 9968 --- [power-city-platform] [  restartedMain] .RepositoryConfigurationExtensionSupport : Spring Data Redis - Could not safely identify store assignment for repository candidate interface com.powercity.power_city_platform.repository.EmailLogRepository; If you want this repository to be a Redis repository, consider annotating your entities with one of these annotations: org.springframework.data.redis.core.RedisHash (preferred), or consider extending one of the following types with your repository: org.springframework.data.keyvalue.repository.KeyValueRepository
2026-09-03T00:04:13.395+05:00  INFO 9968 --- [power-city-platform] [  restartedMain] .RepositoryConfigurationExtensionSupport : Spring Data Redis - Could not safely identify store assignment for repository candidate interface com.powercity.power_city_platform.repository.EventRepository; If you want this repository to be a Redis repository, consider annotating your entities with one of these annotations: org.springframework.data.redis.core.RedisHash (preferred), or consider extending one of the following types with your repository: org.springframework.data.keyvalue.repository.KeyValueRepository
2026-09-03T00:04:13.395+05:00  INFO 9968 --- [power-city-platform] [  restartedMain] .RepositoryConfigurationExtensionSupport : Spring Data Redis - Could not safely identify store assignment for repository candidate interface com.powercity.power_city_platform.repository.FormRepository; If you want this repository to be a Redis repository, consider annotating your entities with one of these annotations: org.springframework.data.redis.core.RedisHash (preferred), or consider extending one of the following types with your repository: org.springframework.data.keyvalue.repository.KeyValueRepository
2026-09-03T00:04:13.395+05:00  INFO 9968 --- [power-city-platform] [  restartedMain] .RepositoryConfigurationExtensionSupport : Spring Data Redis - Could not safely identify store assignment for repository candidate interface com.powercity.power_city_platform.repository.FormSubmissionRepository; If you want this repository to be a Redis repository, consider annotating your entities with one of these annotations: org.springframework.data.redis.core.RedisHash (preferred), or consider extending one of the following types with your repository: org.springframework.data.keyvalue.repository.KeyValueRepository
2026-09-03T00:04:13.396+05:00  INFO 9968 --- [power-city-platform] [  restartedMain] .RepositoryConfigurationExtensionSupport : Spring Data Redis - Could not safely identify store assignment for repository candidate interface com.powercity.power_city_platform.repository.LessonRepository; If you want this repository to be a Redis repository, consider annotating your entities with one of these annotations: org.springframework.data.redis.core.RedisHash (preferred), or consider extending one of the following types with your repository: org.springframework.data.keyvalue.repository.KeyValueRepository
2026-09-03T00:04:13.396+05:00  INFO 9968 --- [power-city-platform] [  restartedMain] .RepositoryConfigurationExtensionSupport : Spring Data Redis - Could not safely identify store assignment for repository candidate interface com.powercity.power_city_platform.repository.MarriageCertificateRepository; If you want this repository to be a Redis repository, consider annotating your entities with one of these annotations: org.springframework.data.redis.core.RedisHash (preferred), or consider extending one of the following types with your repository: org.springframework.data.keyvalue.repository.KeyValueRepository
2026-09-03T00:04:13.396+05:00  INFO 9968 --- [power-city-platform] [  restartedMain] .RepositoryConfigurationExtensionSupport : Spring Data Redis - Could not safely identify store assignment for repository candidate interface com.powercity.power_city_platform.repository.OrderItemRepository; If you want this repository to be a Redis repository, consider annotating your entities with one of these annotations: org.springframework.data.redis.core.RedisHash (preferred), or consider extending one of the following types with your repository: org.springframework.data.keyvalue.repository.KeyValueRepository
2026-09-03T00:04:13.397+05:00  INFO 9968 --- [power-city-platform] [  restartedMain] .RepositoryConfigurationExtensionSupport : Spring Data Redis - Could not safely identify store assignment for repository candidate interface com.powercity.power_city_platform.repository.OrderRepository; If you want this repository to be a Redis repository, consider annotating your entities with one of these annotations: org.springframework.data.redis.core.RedisHash (preferred), or consider extending one of the following types with your repository: org.springframework.data.keyvalue.repository.KeyValueRepository
2026-09-03T00:04:13.397+05:00  INFO 9968 --- [power-city-platform] [  restartedMain] .RepositoryConfigurationExtensionSupport : Spring Data Redis - Could not safely identify store assignment for repository candidate interface com.powercity.power_city_platform.repository.PaymentRepository; If you want this repository to be a Redis repository, consider annotating your entities with one of these annotations: org.springframework.data.redis.core.RedisHash (preferred), or consider extending one of the following types with your repository: org.springframework.data.keyvalue.repository.KeyValueRepository
2026-09-03T00:04:13.398+05:00  INFO 9968 --- [power-city-platform] [  restartedMain] .RepositoryConfigurationExtensionSupport : Spring Data Redis - Could not safely identify store assignment for repository candidate interface com.powercity.power_city_platform.repository.ReportRepository; If you want this repository to be a Redis repository, consider annotating your entities with one of these annotations: org.springframework.data.redis.core.RedisHash (preferred), or consider extending one of the following types with your repository: org.springframework.data.keyvalue.repository.KeyValueRepository
2026-09-03T00:04:13.398+05:00  INFO 9968 --- [power-city-platform] [  restartedMain] .RepositoryConfigurationExtensionSupport : Spring Data Redis - Could not safely identify store assignment for repository candidate interface com.powercity.power_city_platform.repository.RolePermissionRepository; If you want this repository to be a Redis repository, consider annotating your entities with one of these annotations: org.springframework.data.redis.core.RedisHash (preferred), or consider extending one of the following types with your repository: org.springframework.data.keyvalue.repository.KeyValueRepository
2026-09-03T00:04:13.398+05:00  INFO 9968 --- [power-city-platform] [  restartedMain] .RepositoryConfigurationExtensionSupport : Spring Data Redis - Could not safely identify store assignment for repository candidate interface com.powercity.power_city_platform.repository.RoleRepository; If you want this repository to be a Redis repository, consider annotating your entities with one of these annotations: org.springframework.data.redis.core.RedisHash (preferred), or consider extending one of the following types with your repository: org.springframework.data.keyvalue.repository.KeyValueRepository
2026-09-03T00:04:13.399+05:00  INFO 9968 --- [power-city-platform] [  restartedMain] .RepositoryConfigurationExtensionSupport : Spring Data Redis - Could not safely identify store assignment for repository candidate interface com.powercity.power_city_platform.repository.TravelFormRepository; If you want this repository to be a Redis repository, consider annotating your entities with one of these annotations: org.springframework.data.redis.core.RedisHash (preferred), or consider extending one of the following types with your repository: org.springframework.data.keyvalue.repository.KeyValueRepository
2026-09-03T00:04:13.400+05:00  INFO 9968 --- [power-city-platform] [  restartedMain] .RepositoryConfigurationExtensionSupport : Spring Data Redis - Could not safely identify store assignment for repository candidate interface com.powercity.power_city_platform.repository.UserRepository; If you want this repository to be a Redis repository, consider annotating your entities with one of these annotations: org.springframework.data.redis.core.RedisHash (preferred), or consider extending one of the following types with your repository: org.springframework.data.keyvalue.repository.KeyValueRepository
2026-09-03T00:04:13.400+05:00  INFO 9968 --- [power-city-platform] [  restartedMain] .RepositoryConfigurationExtensionSupport : Spring Data Redis - Could not safely identify store assignment for repository candidate interface com.powercity.power_city_platform.repository.UserRoleRepository; If you want this repository to be a Redis repository, consider annotating your entities with one of these annotations: org.springframework.data.redis.core.RedisHash (preferred), or consider extending one of the following types with your repository: org.springframework.data.keyvalue.repository.KeyValueRepository
2026-09-03T00:04:13.400+05:00  INFO 9968 --- [power-city-platform] [  restartedMain] .s.d.r.c.RepositoryConfigurationDelegate : Finished Spring Data repository scanning in 82 ms. Found 0 Redis repository interfaces.
2026-09-03T00:04:14.523+05:00  WARN 9968 --- [power-city-platform] [  restartedMain] trationDelegate$BeanPostProcessorChecker : Bean 'validationConfig' of type [com.powercity.power_city_platform.config.ValidationConfig$$SpringCGLIB$$0] is not eligible for getting processed by all BeanPostProcessors (for example: not eligible for auto-proxying). The currently created BeanPostProcessor [methodValidationPostProcessor] is declared through a non-static factory method on that class; consider declaring it as static instead.
2026-09-03T00:04:14.545+05:00  WARN 9968 --- [power-city-platform] [  restartedMain] trationDelegate$BeanPostProcessorChecker : Bean 'validator' of type [org.springframework.validation.beanvalidation.LocalValidatorFactoryBean] is not eligible for getting processed by all BeanPostProcessors (for example: not eligible for auto-proxying). Is this bean getting eagerly injected into a currently created BeanPostProcessor [methodValidationPostProcessor]? Check the corresponding BeanPostProcessor declaration and its dependencies.
2026-09-03T00:04:16.368+05:00  INFO 9968 --- [power-city-platform] [  restartedMain] o.s.b.w.embedded.tomcat.TomcatWebServer  : Tomcat initialized with port 8080 (http)
2026-09-03T00:04:16.400+05:00  INFO 9968 --- [power-city-platform] [  restartedMain] o.apache.catalina.core.StandardService   : Starting service [Tomcat]
2026-09-03T00:04:16.401+05:00  INFO 9968 --- [power-city-platform] [  restartedMain] o.apache.catalina.core.StandardEngine    : Starting Servlet engine: [Apache Tomcat/10.1.20]
2026-09-03T00:04:16.560+05:00  INFO 9968 --- [power-city-platform] [  restartedMain] o.a.c.c.C.[Tomcat].[localhost].[/]       : Initializing Spring embedded WebApplicationContext
2026-09-03T00:04:16.562+05:00  INFO 9968 --- [power-city-platform] [  restartedMain] w.s.c.ServletWebServerApplicationContext : Root WebApplicationContext: initialization completed in 8230 ms
Standard Commons Logging discovery in action with spring-jcl: please remove commons-logging.jar from classpath in order to avoid potential conflicts
2026-09-03T00:04:17.677+05:00  INFO 9968 --- [power-city-platform] [  restartedMain] o.hibernate.jpa.internal.util.LogHelper  : HHH000204: Processing PersistenceUnitInfo [name: default]
2026-09-03T00:04:17.837+05:00  INFO 9968 --- [power-city-platform] [  restartedMain] org.hibernate.Version                    : HHH000412: Hibernate ORM core version 6.4.4.Final
2026-09-03T00:04:17.932+05:00  INFO 9968 --- [power-city-platform] [  restartedMain] o.h.c.internal.RegionFactoryInitiator    : HHH000026: Second-level cache disabled
2026-09-03T00:04:18.571+05:00  INFO 9968 --- [power-city-platform] [  restartedMain] o.s.o.j.p.SpringPersistenceUnitInfo      : No LoadTimeWeaver setup: ignoring JPA class transformer
2026-09-03T00:04:18.651+05:00  INFO 9968 --- [power-city-platform] [  restartedMain] com.zaxxer.hikari.HikariDataSource       : HikariPool-1 - Starting...
2026-09-03T00:04:19.096+05:00  INFO 9968 --- [power-city-platform] [  restartedMain] com.zaxxer.hikari.pool.HikariPool        : HikariPool-1 - Added connection org.postgresql.jdbc.PgConnection@46fdfbf3
2026-09-03T00:04:19.099+05:00  INFO 9968 --- [power-city-platform] [  restartedMain] com.zaxxer.hikari.HikariDataSource       : HikariPool-1 - Start completed.
2026-09-03T00:04:19.182+05:00  WARN 9968 --- [power-city-platform] [  restartedMain] org.hibernate.orm.deprecation            : HHH90000025: PostgreSQLDialect does not need to be specified explicitly using 'hibernate.dialect' (remove the property setting and it will be selected by default)
2026-09-03T00:04:23.630+05:00  INFO 9968 --- [power-city-platform] [  restartedMain] o.h.e.t.j.p.i.JtaPlatformInitiator       : HHH000489: No JTA platform available (set 'hibernate.transaction.jta.platform' to enable JTA platform integration)
2026-09-03T00:04:24.514+05:00  INFO 9968 --- [power-city-platform] [  restartedMain] j.LocalContainerEntityManagerFactoryBean : Initialized JPA EntityManagerFactory for persistence unit 'default'
2026-09-03T00:04:25.421+05:00  INFO 9968 --- [power-city-platform] [  restartedMain] o.s.d.j.r.query.QueryEnhancerFactory     : Hibernate is in classpath; If applicable, HQL parser will be used.
2026-09-03T00:04:28.777+05:00  INFO 9968 --- [power-city-platform] [  restartedMain] c.p.power_city_platform.config.S3Config  : Configuring S3Client with region: us-east-1
2026-09-03T00:04:28.777+05:00  INFO 9968 --- [power-city-platform] [  restartedMain] c.p.power_city_platform.config.S3Config  : Access key configured: false
2026-09-03T00:04:28.777+05:00  INFO 9968 --- [power-city-platform] [  restartedMain] c.p.power_city_platform.config.S3Config  : Secret key configured: false
2026-09-03T00:04:29.271+05:00  WARN 9968 --- [power-city-platform] [  restartedMain] c.p.power_city_platform.config.S3Config  : AWS credentials not found in application properties. Using default credentials chain.
2026-09-03T00:04:30.741+05:00  WARN 9968 --- [power-city-platform] [  restartedMain] c.p.power_city_platform.config.S3Config  : Using default credentials chain for S3Presigner
2026-09-03T00:04:37.187+05:00  INFO 9968 --- [power-city-platform] [  restartedMain] c.p.p.service.CourseAudioStorageService  : R2 not configured — course audio will use S3 storage.
2026-09-03T00:04:41.329+05:00  INFO 9968 --- [power-city-platform] [  restartedMain] o.s.b.a.e.web.EndpointLinksResolver      : Exposing 2 endpoint(s) beneath base path '/actuator'
2026-09-03T00:04:41.719+05:00  INFO 9968 --- [power-city-platform] [  restartedMain] o.s.s.web.DefaultSecurityFilterChain     : Will secure any request with [org.springframework.security.web.session.DisableEncodeUrlFilter@4818033f, org.springframework.security.web.context.request.async.WebAsyncManagerIntegrationFilter@15efb888, org.springframework.security.web.context.SecurityContextHolderFilter@5b88be51, org.springframework.security.web.header.HeaderWriterFilter@1d4b32d2, org.springframework.web.filter.CorsFilter@6c53a8e5, org.springframework.security.web.authentication.logout.LogoutFilter@30eb632, com.powercity.power_city_platform.security.JwtAuthenticationFilter@5053ae58, org.springframework.security.web.savedrequest.RequestCacheAwareFilter@7f4c04db, org.springframework.security.web.servletapi.SecurityContextHolderAwareRequestFilter@5d92863c, org.springframework.security.web.authentication.AnonymousAuthenticationFilter@33fb73b7, org.springframework.security.web.session.SessionManagementFilter@5e2b8fa3, org.springframework.security.web.access.ExceptionTranslationFilter@26bdc429, org.springframework.security.web.access.intercept.AuthorizationFilter@2f1be9e8]
2026-09-03T00:04:44.706+05:00  INFO 9968 --- [power-city-platform] [  restartedMain] o.s.b.d.a.OptionalLiveReloadServer       : LiveReload server is running on port 35729
2026-09-03T00:04:44.931+05:00  INFO 9968 --- [power-city-platform] [  restartedMain] o.s.b.w.embedded.tomcat.TomcatWebServer  : Tomcat started on port 8080 (http) with context path ''
2026-09-03T00:04:44.974+05:00  INFO 9968 --- [power-city-platform] [  restartedMain] c.p.p.PowerCityPlatformApplication       : Started PowerCityPlatformApplication in 37.921 seconds (process running for 39.764)
